// Jest Snapshot v1, https://goo.gl/fbAQLP

exports[`BaseView: renders correctly 1`] = `
<TextInput
  allowFontScaling={true}
  keyboardType="numeric"
  onChangeText={[Function]}
  style={
    Object {
      "alignItems": "center",
      "backgroundColor": "#fff",
      "borderWidth": 1,
      "fontSize": 50,
      "width": "30%",
    }
  }
  value=""
/>
`;
